<testsuites id="" name="" tests="2" failures="1" skipped="0" errors="0" time="8.509526000022888">
<testsuite name="TC_01_homePage.test.js" timestamp="2025-01-13T10:52:01.141Z" hostname="Chrome" tests="1" failures="0" skipped="0" time="7.153" errors="0">
<testcase name="@Sanity: Land as a standard user to verify the home page › Land on Home Page as a standard user" classname="TC_01_homePage.test.js" time="7.153">
</testcase>
</testsuite>
<testsuite name="TC_01_loginPage.test.js" timestamp="2025-01-13T10:52:01.141Z" hostname="Chrome" tests="1" failures="1" skipped="0" time="7.234" errors="0">
<testcase name="@Sanity: Land as a standard user to verify the login page › Land on Login Page as a standard user" classname="TC_01_loginPage.test.js" time="7.234">
<failure message="TC_01_loginPage.test.js:46:7 Land on Login Page as a standard user" type="FAILURE">
<![CDATA[  [Chrome] › TC_01_loginPage.test.js:46:7 › @Sanity: Land as a standard user to verify the login page › Land on Login Page as a standard user › Open the APP and check base URL 

    Error: expect(received).toBe(expected) // Object.is equality

    Expected: false
    Received: true

      50 | 					await loginPage.openApp()
      51 | 					await loginPage.waitAndClick('button[aria-label="MyAccount"]');
    > 52 | 					expect(await loginPage.isElementVisible('button[id="sign-in-box"]')).toBe(false)
         | 					                                                                     ^
      53 | 			})
      54 | 		})
      55 | 	}

        at /Users/aref/Playwright-JavaScript-SauceDemo/tests/TC_01_loginPage.test.js:52:75
        at /Users/aref/Playwright-JavaScript-SauceDemo/tests/TC_01_loginPage.test.js:49:5

    attachment #1: video (video/webm) ──────────────────────────────────────────────────────────────
    test-results/TC_01_loginPage--Sanity-Land-as-a-standard-use-eb862-ogin-page-Land-on-Login-Page-as-a-standard-user-Chrome/video.webm
    ────────────────────────────────────────────────────────────────────────────────────────────────

    attachment #2: screenshot (image/png) ──────────────────────────────────────────────────────────
    test-results/TC_01_loginPage--Sanity-Land-as-a-standard-use-eb862-ogin-page-Land-on-Login-Page-as-a-standard-user-Chrome/test-failed-1.png
    ────────────────────────────────────────────────────────────────────────────────────────────────

    attachment #3: trace (application/zip) ─────────────────────────────────────────────────────────
    test-results/TC_01_loginPage--Sanity-Land-as-a-standard-use-eb862-ogin-page-Land-on-Login-Page-as-a-standard-user-Chrome/trace.zip
    Usage:

        npx playwright show-trace test-results/TC_01_loginPage--Sanity-Land-as-a-standard-use-eb862-ogin-page-Land-on-Login-Page-as-a-standard-user-Chrome/trace.zip

    ────────────────────────────────────────────────────────────────────────────────────────────────
]]>
</failure>
<system-out>
<![CDATA[Locator@button[id="sign-in-box"]

[[ATTACHMENT|../test-results/TC_01_loginPage--Sanity-Land-as-a-standard-use-eb862-ogin-page-Land-on-Login-Page-as-a-standard-user-Chrome/video.webm]]

[[ATTACHMENT|../test-results/TC_01_loginPage--Sanity-Land-as-a-standard-use-eb862-ogin-page-Land-on-Login-Page-as-a-standard-user-Chrome/test-failed-1.png]]

[[ATTACHMENT|../test-results/TC_01_loginPage--Sanity-Land-as-a-standard-use-eb862-ogin-page-Land-on-Login-Page-as-a-standard-user-Chrome/trace.zip]]
]]>
</system-out>
</testcase>
</testsuite>
</testsuites>